// Jest Snapshot v1, https://goo.gl/fbAQLP

exports[`Counter component matches the snapshot 1`] = `
<div>
  <h1>
    Count: 
    0
  </h1>
  <button
    className="increment"
    onClick={[Function]}
  >
    ++
  </button>
  <button
    className="decrement"
    onClick={[Function]}
  >
    --
  </button>
</div>
`;
